#ifndef FOO_BAR_B04ADAE124FB8A11C66BD6EE7394F266A6A421C8
#define FOO_BAR_B04ADAE124FB8A11C66BD6EE7394F266A6A421C8

// ======================================================================
// NOTICE  NOTICE  NOTICE  NOTICE  NOTICE  NOTICE  NOTICE  NOTICE  NOTICE
// ----------------------------------------------------------------------
//
// DO NOT EDIT THIS FILE DIRECTLY.
//
// This source file has been generated by Atlas Strong Type Generator v0.1.0
// https://github.com/jodyhagins/Atlas
//
// DO NOT EDIT THIS FILE DIRECTLY.
//
// ----------------------------------------------------------------------
// NOTICE  NOTICE  NOTICE  NOTICE  NOTICE  NOTICE  NOTICE  NOTICE  NOTICE
// ======================================================================

#if __has_include(<version>)
#include <version>
#endif
#include <type_traits>
#include <utility>
#include <vector>

#ifndef WJH_ATLAS_50E620B544874CB8BE4412EE6773BF90
#define WJH_ATLAS_50E620B544874CB8BE4412EE6773BF90

// ======================================================================
// ATLAS STRONG TYPE BOILERPLATE
// ----------------------------------------------------------------------
//
// This section provides the infrastructure for Atlas strong types.
// It is identical across all Atlas-generated files and uses a shared
// header guard (WJH_ATLAS_50E620B544874CB8BE4412EE6773BF90) to ensure
// the boilerplate is only included once even when multiple generated
// files are used in the same translation unit.
//
// The boilerplate is intentionally inlined to make generated code
// self-contained with zero external dependencies.
//
// Components:
// - atlas::strong_type_tag: Base class for strong types
// - atlas::value(): Universal value accessor for strong types
// - atlas_detail::*: Internal implementation utilities
//
// For projects using multiple Atlas-generated files, this boilerplate
// will only be compiled once per translation unit thanks to the shared
// header guard below.
//
// ----------------------------------------------------------------------
// DO NOT EDIT THIS SECTION
// ======================================================================

// Atlas feature detection macros
#ifndef ATLAS_NODISCARD
#if defined(__cpp_attributes) && __cpp_attributes >= 201603L
#define ATLAS_NODISCARD [[nodiscard]]
#else
#define ATLAS_NODISCARD
#endif
#endif

#if defined(__cpp_impl_three_way_comparison) && \
    __cpp_impl_three_way_comparison >= 201907L
#include <compare>
#endif

namespace atlas {

struct strong_type_tag
{
#if defined(__cpp_impl_three_way_comparison) && \
    __cpp_impl_three_way_comparison >= 201907L
    friend auto operator <=> (
        strong_type_tag const &,
        strong_type_tag const &) = default;
#endif
};

struct value_tag
{ };

namespace atlas_detail {

template <typename... Ts>
struct make_void
{
    using type = void;
};

template <typename... Ts>
using void_t = typename make_void<Ts...>::type;

template <typename T, typename = void>
struct IsAtlasType
: std::false_type
{ };

template <typename T>
struct IsAtlasType<T, void_t<typename T::atlas_value_type>>
: std::true_type
{ };

template <std::size_t N>
struct PriorityTag
: PriorityTag<N - 1>
{ };

template <>
struct PriorityTag<0u>
{ };

using value_tag = PriorityTag<3>;

template <bool B>
using bool_c = std::integral_constant<bool, B>;
template <typename T>
using bool_ = bool_c<T::value>;
template <typename T>
using not_ = bool_c<not T::value>;
template <typename T, typename U>
using and_ = bool_c<T::value && U::value>;
template <typename T>
using is_lref = std::is_lvalue_reference<T>;
template <typename T, typename U = void>
using enable_if = typename std::enable_if<T::value, U>::type;

template <typename T>
using _t = typename T::type;

void atlas_value();

template <typename T>
constexpr T &
value(T & val, PriorityTag<0>)
{
    return val;
}

template <typename T, typename U = typename T::atlas_value_type>
using val_t = _t<std::conditional<std::is_const<T>::value, U const &, U &>>;

template <typename T, typename U = val_t<T>>
constexpr auto
value(T & val, PriorityTag<1>)
-> decltype(atlas::atlas_detail::value(static_cast<U>(val), value_tag{}))
{
    return atlas::atlas_detail::value(static_cast<U>(val), value_tag{});
}

template <typename T>
constexpr auto
value(T const & t, PriorityTag<2>)
-> decltype(atlas_value(t, atlas::value_tag{}))
{
    return atlas_value(t, atlas::value_tag{});
}

template <typename T>
constexpr auto
value(T const & t, PriorityTag<3>)
-> decltype(atlas_value(t))
{
    return atlas_value(t);
}

class Value
{
    template <
        typename U,
        typename T,
        typename V = _t<std::conditional<is_lref<U &&>::value, T &, T>>>
    static constexpr V rval(T && t)
    {
        return t;
    }

public:
    template <typename T>
    constexpr auto operator () (T && t) const
    -> decltype(rval<T>(atlas_detail::value(t, atlas_detail::value_tag{})))
    {
        return rval<T>(atlas_detail::value(t, atlas_detail::value_tag{}));
    }
};

void begin();
void end();

template <typename T>
constexpr auto
begin_(T && t) noexcept(noexcept(begin(std::forward<T>(t))))
-> decltype(begin(std::forward<T>(t)))
{
    return begin(std::forward<T>(t));
}

template <typename T>
constexpr auto
end_(T && t) noexcept(noexcept(end(std::forward<T>(t))))
-> decltype(end(std::forward<T>(t)))
{
    return end(std::forward<T>(t));
}
struct const_
{
    template <typename T>
    static T const * _ (T * p) { return p; }
    template <typename T>
    static T const & _ (T const & p) { return p; }
};

struct mutable_
{
    template <typename T>
    static T * _ (T * p) { return p; }
    template <typename T>
    static T && _ (T && p) { return static_cast<T&&>(p); }
};
// Detects if T is dereferenceable (pointers, smart pointers, iterators, optional)

template <typename T, typename U>
auto
star_impl(U & u, PriorityTag<1>)
-> decltype(T::_(u.operator*()))
{
    return T::_(u.operator*());
}

template <typename T, typename U>
auto
star_impl(U * u, PriorityTag<1>)
-> decltype(*T::_(u))
{
    return *T::_(u);
}

template <typename T, typename U>
U & star_impl(U & u, PriorityTag<0>)
{
    return u;
}

} // namespace atlas_detail

#if defined(__cpp_inline_variables) && __cpp_inline_variables >= 201606L
inline constexpr auto value = atlas_detail::Value{};
#else
template <typename T>
constexpr auto
value(T && t)
-> decltype(atlas_detail::Value{}(std::forward<T>(t)))
{
    return atlas_detail::Value{}(std::forward<T>(t));
}
#endif

} // namespace atlas

#endif // WJH_ATLAS_50E620B544874CB8BE4412EE6773BF90


//////////////////////////////////////////////////////////////////////
///
/// These are the droids you are looking for!
///
//////////////////////////////////////////////////////////////////////


namespace test {
namespace edge_cases {

/**
 * @brief Strong type wrapper for std::vector<std::pair<int, std::string>>
 *
 * Generated by Atlas Strong Type Generator.
 * Generation parameters:
 * - kind: struct
 * - type_namespace: test::edge_cases
 * - type_name: ComplexTemplateType
 * - description: strong std::vector<std::pair<int, std::string>>; ==, @, []
 * - default_value: ""
 */
struct ComplexTemplateType
: private atlas::strong_type_tag
{
    std::vector<std::pair<int, std::string>> value;

    using atlas_value_type = std::vector<std::pair<int, std::string>>;

    constexpr explicit ComplexTemplateType() = default;
    constexpr ComplexTemplateType(ComplexTemplateType const &) = default;
    constexpr ComplexTemplateType(ComplexTemplateType &&) = default;
    constexpr ComplexTemplateType & operator = (ComplexTemplateType const &) = default;
    constexpr ComplexTemplateType & operator = (ComplexTemplateType &&) = default;
    constexpr ~ComplexTemplateType() = default;

    template <
        typename... ArgTs,
        typename std::enable_if<
            std::is_constructible<std::vector<std::pair<int, std::string>>, ArgTs...>::value,
            bool>::type = true>
    constexpr explicit ComplexTemplateType(ArgTs && ... args)
    : value(std::forward<ArgTs>(args)...)
    { }

    /**
     * The explicit cast operator provides a reference to the wrapped object.
     */
    constexpr explicit operator std::vector<std::pair<int, std::string>> const & () const { return value; }
    constexpr explicit operator std::vector<std::pair<int, std::string>> & () { return value; }

    /**
     * Dereference operator - forwards to wrapped type's operator* if available,
     * otherwise returns reference to wrapped value.
     *
     * Pointer types: dereferences the pointer (returns *ptr)
     * Pointer-like types (smart pointers, iterators, optional): returns *value
     * Other types: returns reference to value (fallback)
     */
    template <typename T = atlas::atlas_detail::const_>
    constexpr auto operator * () const
    -> decltype(atlas::atlas_detail::star_impl<T>(
        value,
        atlas::atlas_detail::PriorityTag<1>{}))
    {
        return atlas::atlas_detail::star_impl<T>(
            value,
            atlas::atlas_detail::PriorityTag<1>{});
    }

    template <typename T = atlas::atlas_detail::mutable_>
    constexpr auto operator * ()
    -> decltype(atlas::atlas_detail::star_impl<T>(
        value,
        atlas::atlas_detail::PriorityTag<10>{}))
    {
        return atlas::atlas_detail::star_impl<T>(
            value,
            atlas::atlas_detail::PriorityTag<10>{});
    }

    /**
     * Subscript operator that forwards to the wrapped object.
     */
#if __cpp_multidimensional_subscript >= 202110L
    template <typename ArgT, typename... ArgTs>
    constexpr decltype(auto) operator [] (ArgT && arg, ArgTs && ... args)
    noexcept(noexcept(value[std::forward<ArgT>(arg), std::forward<ArgTs>(args)...]))
    {
        return value[std::forward<ArgT>(arg), std::forward<ArgTs>(args)...];
    }
    template <typename ArgT, typename... ArgTs>
    constexpr decltype(auto) operator [] (ArgT && arg, ArgTs && ... args) const
    noexcept(noexcept(value[std::forward<ArgT>(arg), std::forward<ArgTs>(args)...]))
    {
        return value[std::forward<ArgT>(arg), std::forward<ArgTs>(args)...];
    }
#else
    template <typename ArgT>
    constexpr auto operator [] (ArgT && arg)
    noexcept(noexcept(value[std::forward<ArgT>(arg)]))
    -> decltype(value[std::forward<ArgT>(arg)])
    {
        return value[std::forward<ArgT>(arg)];
    }
    template <typename ArgT>
    constexpr auto operator [] (ArgT && arg) const
    noexcept(noexcept(value[std::forward<ArgT>(arg)]))
    -> decltype(value[std::forward<ArgT>(arg)])
    {
        return value[std::forward<ArgT>(arg)];
    }
#endif

    /**
     * Is @p lhs.value == @p rhs.value?
     */
    friend constexpr bool operator == (
        ComplexTemplateType const & lhs,
        ComplexTemplateType const & rhs)
    noexcept(noexcept(std::declval<std::vector<std::pair<int, std::string>> const&>() == std::declval<std::vector<std::pair<int, std::string>> const&>()))
    {
        return lhs.value == rhs.value;
    }
};
} // namespace edge_cases
} // namespace test

#endif // FOO_BAR_B04ADAE124FB8A11C66BD6EE7394F266A6A421C8

