#ifndef FOO_BAR_058CB7E4378B9C84E2D8EA8E7251457877DAB003
#define FOO_BAR_058CB7E4378B9C84E2D8EA8E7251457877DAB003

static_assert(__cplusplus >= 202302L,
    "This file requires C++23 or later. Compile with -std=c++23 or higher.");

// ======================================================================
// NOTICE  NOTICE  NOTICE  NOTICE  NOTICE  NOTICE  NOTICE  NOTICE  NOTICE
// ----------------------------------------------------------------------
//
// DO NOT EDIT THIS FILE DIRECTLY.
//
// This source file has been generated by Atlas Strong Type Generator v0.1.0
// https://github.com/jodyhagins/Atlas
//
// DO NOT EDIT THIS FILE DIRECTLY.
//
// ----------------------------------------------------------------------
// NOTICE  NOTICE  NOTICE  NOTICE  NOTICE  NOTICE  NOTICE  NOTICE  NOTICE
// ======================================================================

#if __has_include(<version>)
#include <version>
#endif
#include <string>
#include <type_traits>
#include <utility>

#ifndef WJH_ATLAS_50E620B544874CB8BE4412EE6773BF90
#define WJH_ATLAS_50E620B544874CB8BE4412EE6773BF90

// ======================================================================
// ATLAS STRONG TYPE BOILERPLATE
// ----------------------------------------------------------------------
//
// This section provides the infrastructure for Atlas strong types.
// It is identical across all Atlas-generated files and uses a shared
// header guard (WJH_ATLAS_50E620B544874CB8BE4412EE6773BF90) to ensure
// the boilerplate is only included once even when multiple generated
// files are used in the same translation unit.
//
// The boilerplate is intentionally inlined to make generated code
// self-contained with zero external dependencies.
//
// Components:
// - atlas::strong_type_tag: Base class for strong types
// - atlas::value(): Universal value accessor for strong types
// - atlas_detail::*: Internal implementation utilities
//
// For projects using multiple Atlas-generated files, this boilerplate
// will only be compiled once per translation unit thanks to the shared
// header guard below.
//
// ----------------------------------------------------------------------
// DO NOT EDIT THIS SECTION
// ======================================================================

// Atlas feature detection macros
#ifndef ATLAS_NODISCARD
#if defined(__cpp_attributes) && __cpp_attributes >= 201603L
#define ATLAS_NODISCARD [[nodiscard]]
#else
#define ATLAS_NODISCARD
#endif
#endif

#if defined(__cpp_impl_three_way_comparison) && \
    __cpp_impl_three_way_comparison >= 201907L
#include <compare>
#endif

namespace atlas {

struct strong_type_tag
{
#if defined(__cpp_impl_three_way_comparison) && \
    __cpp_impl_three_way_comparison >= 201907L
    friend auto operator <=> (
        strong_type_tag const &,
        strong_type_tag const &) = default;
#endif
};

struct value_tag
{ };

namespace atlas_detail {

template <typename... Ts>
struct make_void
{
    using type = void;
};

template <typename... Ts>
using void_t = typename make_void<Ts...>::type;

template <typename T, typename = void>
struct IsAtlasType
: std::false_type
{ };

template <typename T>
struct IsAtlasType<T, void_t<typename T::atlas_value_type>>
: std::true_type
{ };

template <std::size_t N>
struct PriorityTag
: PriorityTag<N - 1>
{ };

template <>
struct PriorityTag<0u>
{ };

using value_tag = PriorityTag<3>;

template <bool B>
using bool_c = std::integral_constant<bool, B>;
template <typename T>
using bool_ = bool_c<T::value>;
template <typename T>
using not_ = bool_c<not T::value>;
template <typename T, typename U>
using and_ = bool_c<T::value && U::value>;
template <typename T>
using is_lref = std::is_lvalue_reference<T>;
template <typename T, typename U = void>
using enable_if = typename std::enable_if<T::value, U>::type;

template <typename T>
using _t = typename T::type;

void atlas_value();

template <typename T>
constexpr T &
value(T & val, PriorityTag<0>)
{
    return val;
}

template <typename T, typename U = typename T::atlas_value_type>
using val_t = _t<std::conditional<std::is_const<T>::value, U const &, U &>>;

template <typename T, typename U = val_t<T>>
constexpr auto
value(T & val, PriorityTag<1>)
-> decltype(atlas::atlas_detail::value(static_cast<U>(val), value_tag{}))
{
    return atlas::atlas_detail::value(static_cast<U>(val), value_tag{});
}

template <typename T>
constexpr auto
value(T const & t, PriorityTag<2>)
-> decltype(atlas_value(t, atlas::value_tag{}))
{
    return atlas_value(t, atlas::value_tag{});
}

template <typename T>
constexpr auto
value(T const & t, PriorityTag<3>)
-> decltype(atlas_value(t))
{
    return atlas_value(t);
}

class Value
{
    template <
        typename U,
        typename T,
        typename V = _t<std::conditional<is_lref<U &&>::value, T &, T>>>
    static constexpr V rval(T && t)
    {
        return t;
    }

public:
    template <typename T>
    constexpr auto operator () (T && t) const
    -> decltype(rval<T>(atlas_detail::value(t, atlas_detail::value_tag{})))
    {
        return rval<T>(atlas_detail::value(t, atlas_detail::value_tag{}));
    }
};

void begin();
void end();

template <typename T>
constexpr auto
begin_(T && t) noexcept(noexcept(begin(std::forward<T>(t))))
-> decltype(begin(std::forward<T>(t)))
{
    return begin(std::forward<T>(t));
}

template <typename T>
constexpr auto
end_(T && t) noexcept(noexcept(end(std::forward<T>(t))))
-> decltype(end(std::forward<T>(t)))
{
    return end(std::forward<T>(t));
}

} // namespace atlas_detail

#if defined(__cpp_inline_variables) && __cpp_inline_variables >= 201606L
inline constexpr auto value = atlas_detail::Value{};
#else
template <typename T>
constexpr auto
value(T && t)
-> decltype(atlas_detail::Value{}(std::forward<T>(t)))
{
    return atlas_detail::Value{}(std::forward<T>(t));
}
#endif

} // namespace atlas

#endif // WJH_ATLAS_50E620B544874CB8BE4412EE6773BF90


//////////////////////////////////////////////////////////////////////
///
/// These are the droids you are looking for!
///
//////////////////////////////////////////////////////////////////////


namespace test {

/**
 * @brief Strong type wrapper for std::string
 *
 * Generated by Atlas Strong Type Generator.
 * Generation parameters:
 * - kind: struct
 * - type_namespace: test
 * - type_name: ModernString
 * - description: std::string; forward=size,empty; !=, ==, c++23
 * - default_value: ""
 */
struct ModernString
: private atlas::strong_type_tag
{
    std::string value;

    using atlas_value_type = std::string;

    constexpr explicit ModernString() = default;
    constexpr ModernString(ModernString const &) = default;
    constexpr ModernString(ModernString &&) = default;
    constexpr ModernString & operator = (ModernString const &) = default;
    constexpr ModernString & operator = (ModernString &&) = default;
    constexpr ~ModernString() = default;

    template <
        typename... ArgTs,
        typename std::enable_if<
            std::is_constructible<std::string, ArgTs...>::value,
            bool>::type = true>
    constexpr explicit ModernString(ArgTs && ... args)
    : value(std::forward<ArgTs>(args)...)
    { }

    /**
     * The explicit cast operator provides a reference to the wrapped object.
     */
    constexpr explicit operator std::string const & () const { return value; }
    constexpr explicit operator std::string & () { return value; }

    /**
     * @brief Forward empty to wrapped object
     *
     * This member function forwards all calls to the underlying type's
     * empty member function, preserving const-correctness,
     * noexcept specifications, and perfect forwarding.
     */
#if defined(__cpp_explicit_this_parameter) && __cpp_explicit_this_parameter >= 202110L
    // C++23 deducing this - single elegant overload
    template <typename Self, typename... Args>
    constexpr auto empty(this Self&& self, Args&&... args)
    noexcept(noexcept(std::forward<Self>(self).value.empty(std::forward<Args>(args)...)))
    -> decltype(std::forward<Self>(self).value.empty(std::forward<Args>(args)...))
    {
        return std::forward<Self>(self).value.empty(std::forward<Args>(args)...);
    }
#else
    // C++11-20: ref-qualified overloads (or just const for const-only)

    template <typename... Args>
    constexpr auto empty(Args&&... args) const &
    noexcept(noexcept(value.empty(std::forward<Args>(args)...)))
    -> decltype(value.empty(std::forward<Args>(args)...))
    {
        return value.empty(std::forward<Args>(args)...);
    }

    template <typename... Args>
    constexpr auto empty(Args&&... args) const &&
    noexcept(noexcept(std::move(value).empty(std::forward<Args>(args)...)))
    -> decltype(std::move(value).empty(std::forward<Args>(args)...))
    {
        return std::move(value).empty(std::forward<Args>(args)...);
    }

    template <typename... Args>
    constexpr auto empty(Args&&... args) &
    noexcept(noexcept(value.empty(std::forward<Args>(args)...)))
    -> decltype(value.empty(std::forward<Args>(args)...))
    {
        return value.empty(std::forward<Args>(args)...);
    }

    template <typename... Args>
    constexpr auto empty(Args&&... args) &&
    noexcept(noexcept(std::move(value).empty(std::forward<Args>(args)...)))
    -> decltype(std::move(value).empty(std::forward<Args>(args)...))
    {
        return std::move(value).empty(std::forward<Args>(args)...);
    }
#endif

    /**
     * @brief Forward size to wrapped object
     *
     * This member function forwards all calls to the underlying type's
     * size member function, preserving const-correctness,
     * noexcept specifications, and perfect forwarding.
     */
#if defined(__cpp_explicit_this_parameter) && __cpp_explicit_this_parameter >= 202110L
    // C++23 deducing this - single elegant overload
    template <typename Self, typename... Args>
    constexpr auto size(this Self&& self, Args&&... args)
    noexcept(noexcept(std::forward<Self>(self).value.size(std::forward<Args>(args)...)))
    -> decltype(std::forward<Self>(self).value.size(std::forward<Args>(args)...))
    {
        return std::forward<Self>(self).value.size(std::forward<Args>(args)...);
    }
#else
    // C++11-20: ref-qualified overloads (or just const for const-only)

    template <typename... Args>
    constexpr auto size(Args&&... args) const &
    noexcept(noexcept(value.size(std::forward<Args>(args)...)))
    -> decltype(value.size(std::forward<Args>(args)...))
    {
        return value.size(std::forward<Args>(args)...);
    }

    template <typename... Args>
    constexpr auto size(Args&&... args) const &&
    noexcept(noexcept(std::move(value).size(std::forward<Args>(args)...)))
    -> decltype(std::move(value).size(std::forward<Args>(args)...))
    {
        return std::move(value).size(std::forward<Args>(args)...);
    }

    template <typename... Args>
    constexpr auto size(Args&&... args) &
    noexcept(noexcept(value.size(std::forward<Args>(args)...)))
    -> decltype(value.size(std::forward<Args>(args)...))
    {
        return value.size(std::forward<Args>(args)...);
    }

    template <typename... Args>
    constexpr auto size(Args&&... args) &&
    noexcept(noexcept(std::move(value).size(std::forward<Args>(args)...)))
    -> decltype(std::move(value).size(std::forward<Args>(args)...))
    {
        return std::move(value).size(std::forward<Args>(args)...);
    }
#endif

    /**
     * Is @p lhs.value != @p rhs.value?
     */
    friend constexpr bool operator != (
        ModernString const & lhs,
        ModernString const & rhs)
    noexcept(noexcept(std::declval<std::string const&>() != std::declval<std::string const&>()))
    {
        return lhs.value != rhs.value;
    }

    /**
     * Is @p lhs.value == @p rhs.value?
     */
    friend constexpr bool operator == (
        ModernString const & lhs,
        ModernString const & rhs)
    noexcept(noexcept(std::declval<std::string const&>() == std::declval<std::string const&>()))
    {
        return lhs.value == rhs.value;
    }
};
} // namespace test

#endif // FOO_BAR_058CB7E4378B9C84E2D8EA8E7251457877DAB003

